// Jest Snapshot v1, https://goo.gl/fbAQLP

exports[`Layout Component should maintain consistent layout structure 1`] = `
<div
  data-testid="test-wrapper"
>
  <div
    class="min-h-screen bg-gray-50"
  >
    <header
      class="bg-white shadow-sm border-b"
    >
      <div
        class="max-w-7xl mx-auto px-4 sm:px-6 lg:px-8"
      >
        <div
          class="flex justify-between items-center py-6"
        >
          <h1
            class="text-xl font-semibold text-gray-900"
          >
            MESSAi Platform
          </h1>
          <nav
            class="flex space-x-4"
          >
            <a
              class="text-gray-600 hover:text-gray-900"
              href="/"
            >
              Home
            </a>
          </nav>
        </div>
      </div>
    </header>
    <main
      class="max-w-7xl mx-auto px-4 sm:px-6 lg:px-8 py-8"
    >
      <div
        data-testid="test-content"
      >
        Test Content
      </div>
    </main>
  </div>
</div>
`;
